#
# There is insufficient memory for the Java Runtime Environment to continue.
# Native memory allocation (malloc) failed to allocate 1048576 bytes. Error detail: AllocateHeap
# Possible reasons:
#   The system is out of physical RAM or swap space
#   This process is running with CompressedOops enabled, and the Java Heap may be blocking the growth of the native heap
# Possible solutions:
#   Reduce memory load on the system
#   Increase physical memory or swap space
#   Check if swap backing store is full
#   Decrease Java heap size (-Xmx/-Xms)
#   Decrease number of Java threads
#   Decrease Java thread stack sizes (-Xss)
#   Set larger code cache with -XX:ReservedCodeCacheSize=
#   JVM is running with Unscaled Compressed Oops mode in which the Java heap is
#     placed in the first 4GB address space. The Java Heap base address is the
#     maximum limit for the native heap growth. Please use -XX:HeapBaseMinAddress
#     to set the Java Heap base and to place the Java Heap above 4GB virtual address.
# This output file may be truncated or incomplete.
#
#  Out of Memory Error (allocation.cpp:44), pid=35304, tid=45668
#
# JRE version: OpenJDK Runtime Environment Temurin-21.0.10+7 (21.0.10+7) (build 21.0.10+7-LTS)
# Java VM: OpenJDK 64-Bit Server VM Temurin-21.0.10+7 (21.0.10+7-LTS, mixed mode, sharing, tiered, compressed oops, compressed class ptrs, parallel gc, windows-amd64)
# No core dump will be written. Minidumps are not enabled by default on client versions of Windows
#

---------------  S U M M A R Y ------------

Command Line: --add-modules=ALL-SYSTEM --add-opens=java.base/java.util=ALL-UNNAMED --add-opens=java.base/java.lang=ALL-UNNAMED --add-opens=java.base/sun.nio.fs=ALL-UNNAMED -Declipse.application=org.eclipse.jdt.ls.core.id1 -Dosgi.bundles.defaultStartLevel=4 -Declipse.product=org.eclipse.jdt.ls.core.product -Djava.import.generatesMetadataFilesAtProjectRoot=false -DDetectVMInstallationsJob.disabled=true -Dfile.encoding=utf8 -XX:+UseParallelGC -XX:GCTimeRatio=4 -XX:AdaptiveSizePolicyWeight=90 -Dsun.zip.disableMemoryMapping=true -Xmx2G -Xms100m -Xlog:disable -javaagent:c:\Users\gouti\.vscode\extensions\redhat.java-1.54.0-win32-x64\lombok\lombok-1.18.39-4050.jar -XX:+HeapDumpOnOutOfMemoryError -XX:HeapDumpPath=c:\Users\gouti\AppData\Roaming\Code\User\workspaceStorage\ad1019e9b3a2369db4ac02ecc0b3e1b3\redhat.java -Daether.dependencyCollector.impl=bf c:\Users\gouti\.vscode\extensions\redhat.java-1.54.0-win32-x64\server\plugins\org.eclipse.equinox.launcher_1.7.100.v20251111-0406.jar -configuration c:\Users\gouti\AppData\Roaming\Code\User\globalStorage\redhat.java\1.54.0\config_win -data c:\Users\gouti\AppData\Roaming\Code\User\workspaceStorage\ad1019e9b3a2369db4ac02ecc0b3e1b3\redhat.java\jdt_ws --pipe=\\.\pipe\lsp-e5dbbfaf98f3aadb3836904d543c5490-sock

Host: Intel(R) Core(TM) i5-8350U CPU @ 1.70GHz, 8 cores, 7G,  Windows 11 , 64 bit Build 26100 (10.0.26100.8246)
Time: Fri May 15 09:56:02 2026 Afr. centrale Ouest elapsed time: 2075.637511 seconds (0d 0h 34m 35s)

---------------  T H R E A D  ---------------

Current thread (0x0000019fb151e8f0):  JavaThread "Attach Listener" daemon [_thread_in_vm, id=45668, stack(0x0000000100d00000,0x0000000100e00000) (1024K)]

Stack: [0x0000000100d00000,0x0000000100e00000]
Native frames: (J=compiled Java code, j=interpreted, Vv=VM code, C=native code)
V  [jvm.dll+0x6d7a39]
V  [jvm.dll+0x8b4b26]
V  [jvm.dll+0x8b70de]
V  [jvm.dll+0x8b77c3]
V  [jvm.dll+0x284346]
V  [jvm.dll+0xc1277]
V  [jvm.dll+0x6d82e9]
V  [jvm.dll+0x1334a6]
V  [jvm.dll+0x3f857e]
V  [jvm.dll+0x85f59d]
V  [jvm.dll+0x6d626d]
C  [ucrtbase.dll+0x37b0]
C  [KERNEL32.DLL+0x2e8d7]
C  [ntdll.dll+0x8c3fc]


---------------  P R O C E S S  ---------------

Threads class SMR info:
_java_thread_list=0x0000019ffca4fb20, length=34, elements={
0x0000019f98d66b50, 0x0000019fb1514fe0, 0x0000019fb1519220, 0x0000019fb151bd80,
0x0000019fb151e8f0, 0x0000019fb151f350, 0x0000019fb151fdb0, 0x0000019fb152ff60,
0x0000019fb1532140, 0x0000019ff8158dc0, 0x0000019ff82f8820, 0x0000019ff83bfa30,
0x0000019ff8bbaff0, 0x0000019ff8bba960, 0x0000019ff8bbb680, 0x0000019ff8bbc3a0,
0x0000019ff8bbbd10, 0x0000019ff8bbca30, 0x0000019ff8bb9c40, 0x0000019ff93e1880,
0x0000019ff93e25a0, 0x0000019ff93e2c30, 0x0000019ff93e32c0, 0x0000019ff93e1f10,
0x0000019ff93e04d0, 0x0000019ff93e3fe0, 0x0000019ff93e0b60, 0x0000019ff93e5390,
0x0000019ff93e4670, 0x0000019ff93e7460, 0x0000019ff93e4d00, 0x0000019ff93e5a20,
0x0000019ff93e6740, 0x0000019ff93e60b0
}

Java Threads: ( => current thread )
  0x0000019f98d66b50 JavaThread "main"                              [_thread_blocked, id=48464, stack(0x0000000100600000,0x0000000100700000) (1024K)]
  0x0000019fb1514fe0 JavaThread "Reference Handler"          daemon [_thread_blocked, id=49036, stack(0x0000000100a00000,0x0000000100b00000) (1024K)]
  0x0000019fb1519220 JavaThread "Finalizer"                  daemon [_thread_blocked, id=37020, stack(0x0000000100b00000,0x0000000100c00000) (1024K)]
  0x0000019fb151bd80 JavaThread "Signal Dispatcher"          daemon [_thread_blocked, id=36760, stack(0x0000000100c00000,0x0000000100d00000) (1024K)]
=>0x0000019fb151e8f0 JavaThread "Attach Listener"            daemon [_thread_in_vm, id=45668, stack(0x0000000100d00000,0x0000000100e00000) (1024K)]
  0x0000019fb151f350 JavaThread "Service Thread"             daemon [_thread_blocked, id=54052, stack(0x0000000100e00000,0x0000000100f00000) (1024K)]
  0x0000019fb151fdb0 JavaThread "Monitor Deflation Thread"   daemon [_thread_blocked, id=37924, stack(0x0000000100f00000,0x0000000101000000) (1024K)]
  0x0000019fb152ff60 JavaThread "C2 CompilerThread0"         daemon [_thread_blocked, id=27520, stack(0x0000000101000000,0x0000000101100000) (1024K)]
  0x0000019fb1532140 JavaThread "C1 CompilerThread0"         daemon [_thread_blocked, id=51308, stack(0x0000000101100000,0x0000000101200000) (1024K)]
  0x0000019ff8158dc0 JavaThread "Common-Cleaner"             daemon [_thread_blocked, id=14884, stack(0x0000000101200000,0x0000000101300000) (1024K)]
  0x0000019ff82f8820 JavaThread "Notification Thread"        daemon [_thread_blocked, id=47132, stack(0x0000000101300000,0x0000000101400000) (1024K)]
  0x0000019ff83bfa30 JavaThread "Active Thread: Equinox Container: 01ad0ef3-7be3-4466-8bf3-cbcb0968cc68"        [_thread_blocked, id=51508, stack(0x0000000101a00000,0x0000000101b00000) (1024K)]
  0x0000019ff8bbaff0 JavaThread "Refresh Thread: Equinox Container: 01ad0ef3-7be3-4466-8bf3-cbcb0968cc68" daemon [_thread_blocked, id=13972, stack(0x0000000101c00000,0x0000000101d00000) (1024K)]
  0x0000019ff8bba960 JavaThread "Framework Event Dispatcher: Equinox Container: 01ad0ef3-7be3-4466-8bf3-cbcb0968cc68" daemon [_thread_blocked, id=29884, stack(0x0000000101d00000,0x0000000101e00000) (1024K)]
  0x0000019ff8bbb680 JavaThread "Start Level: Equinox Container: 01ad0ef3-7be3-4466-8bf3-cbcb0968cc68" daemon [_thread_blocked, id=33936, stack(0x0000000101e00000,0x0000000101f00000) (1024K)]
  0x0000019ff8bbc3a0 JavaThread "Bundle File Closer"         daemon [_thread_blocked, id=52968, stack(0x0000000102000000,0x0000000102100000) (1024K)]
  0x0000019ff8bbbd10 JavaThread "SCR Component Actor"        daemon [_thread_blocked, id=32108, stack(0x0000000101f00000,0x0000000102000000) (1024K)]
  0x0000019ff8bbca30 JavaThread "Worker-JM"                         [_thread_blocked, id=31236, stack(0x0000000102200000,0x0000000102300000) (1024K)]
  0x0000019ff8bb9c40 JavaThread "Worker-1"                          [_thread_blocked, id=41748, stack(0x0000000102300000,0x0000000102400000) (1024K)]
  0x0000019ff93e1880 JavaThread "Java indexing"              daemon [_thread_blocked, id=49260, stack(0x0000000102800000,0x0000000102900000) (1024K)]
  0x0000019ff93e25a0 JavaThread "JNA Cleaner"                daemon [_thread_blocked, id=24364, stack(0x0000000102600000,0x0000000102700000) (1024K)]
  0x0000019ff93e2c30 JavaThread "Thread-1"                   daemon [_thread_in_native, id=34164, stack(0x0000000102700000,0x0000000102800000) (1024K)]
  0x0000019ff93e32c0 JavaThread "Thread-2"                   daemon [_thread_in_native, id=45516, stack(0x0000000102c00000,0x0000000102d00000) (1024K)]
  0x0000019ff93e1f10 JavaThread "Thread-3"                   daemon [_thread_in_native, id=41688, stack(0x0000000102d00000,0x0000000102e00000) (1024K)]
  0x0000019ff93e04d0 JavaThread "Thread-4"                   daemon [_thread_in_native, id=41424, stack(0x0000000102e00000,0x0000000102f00000) (1024K)]
  0x0000019ff93e3fe0 JavaThread "Thread-5"                   daemon [_thread_in_native, id=40888, stack(0x0000000102f00000,0x0000000103000000) (1024K)]
  0x0000019ff93e0b60 JavaThread "Thread-6"                   daemon [_thread_in_native, id=51872, stack(0x0000000103000000,0x0000000103100000) (1024K)]
  0x0000019ff93e5390 JavaThread "Thread-7"                   daemon [_thread_in_native, id=43224, stack(0x0000000103100000,0x0000000103200000) (1024K)]
  0x0000019ff93e4670 JavaThread "Thread-8"                   daemon [_thread_in_native, id=52464, stack(0x0000000103200000,0x0000000103300000) (1024K)]
  0x0000019ff93e7460 JavaThread "Thread-9"                   daemon [_thread_in_native, id=30924, stack(0x0000000103300000,0x0000000103400000) (1024K)]
  0x0000019ff93e4d00 JavaThread "pool-2-thread-1"                   [_thread_blocked, id=45156, stack(0x0000000103600000,0x0000000103700000) (1024K)]
  0x0000019ff93e5a20 JavaThread "WorkspaceEventsHandler"            [_thread_blocked, id=24212, stack(0x0000000103400000,0x0000000103500000) (1024K)]
  0x0000019ff93e6740 JavaThread "pool-1-thread-1"                   [_thread_blocked, id=48824, stack(0x0000000103500000,0x0000000103600000) (1024K)]
  0x0000019ff93e60b0 JavaThread "Worker-4"                          [_thread_blocked, id=7484, stack(0x0000000103900000,0x0000000103a00000) (1024K)]
Total: 34

Other Threads:
  0x0000019fb1512690 VMThread "VM Thread"                           [id=52916, stack(0x0000000100900000,0x0000000100a00000) (1024K)]
  0x0000019fb142ba00 WatcherThread "VM Periodic Task Thread"        [id=26780, stack(0x0000000100800000,0x0000000100900000) (1024K)]
  0x0000019f98d847b0 WorkerThread "GC Thread#0"                     [id=51348, stack(0x0000000100700000,0x0000000100800000) (1024K)]
  0x0000019ff87f9610 WorkerThread "GC Thread#1"                     [id=52108, stack(0x0000000101400000,0x0000000101500000) (1024K)]
  0x0000019ff88eb050 WorkerThread "GC Thread#2"                     [id=48788, stack(0x0000000101500000,0x0000000101600000) (1024K)]
  0x0000019ff86a1910 WorkerThread "GC Thread#3"                     [id=51672, stack(0x0000000101600000,0x0000000101700000) (1024K)]
  0x0000019ff833c860 WorkerThread "GC Thread#4"                     [id=50384, stack(0x0000000101700000,0x0000000101800000) (1024K)]
  0x0000019ff833cc10 WorkerThread "GC Thread#5"                     [id=34364, stack(0x0000000101800000,0x0000000101900000) (1024K)]
  0x0000019ff833cfc0 WorkerThread "GC Thread#6"                     [id=22016, stack(0x0000000101900000,0x0000000101a00000) (1024K)]
  0x0000019ff847a000 WorkerThread "GC Thread#7"                     [id=37520, stack(0x0000000101b00000,0x0000000101c00000) (1024K)]
Total: 10

Threads with active compile tasks:
Total: 0

VM state: not at safepoint (normal execution)

VM Mutex/Monitor currently owned by a thread: None

Heap address: 0x0000000080000000, size: 2048 MB, Compressed Oops mode: 32-bit

CDS archive(s) mapped at: [0x0000019fb2000000-0x0000019fb2ba0000-0x0000019fb2ba0000), size 12189696, SharedBaseAddress: 0x0000019fb2000000, ArchiveRelocationMode: 1.
Compressed class space mapped at: 0x0000019fb3000000-0x0000019ff3000000, reserved size: 1073741824
Narrow klass base: 0x0000019fb2000000, Narrow klass shift: 0, Narrow klass range: 0x100000000

GC Precious Log:
 CardTable entry size: 512
 CPUs: 8 total, 8 available
 Memory: 8035M
 Large Page Support: Disabled
 NUMA Support: Disabled
 Compressed Oops: Enabled (32-bit)
 Alignments: Space 512K, Generation 512K, Heap 2M
 Heap Min Capacity: 100M
 Heap Initial Capacity: 100M
 Heap Max Capacity: 2G
 Pre-touch: Disabled
 Parallel Workers: 8

Heap:
 PSYoungGen      total 22528K, used 6243K [0x00000000d5580000, 0x00000000d7000000, 0x0000000100000000)
  eden space 22016K, 26% used [0x00000000d5580000,0x00000000d5b1adc8,0x00000000d6b00000)
  from space 512K, 98% used [0x00000000d6f00000,0x00000000d6f7e1d8,0x00000000d6f80000)
  to   space 2560K, 0% used [0x00000000d6b00000,0x00000000d6b00000,0x00000000d6d80000)
 ParOldGen       total 68608K, used 27362K [0x0000000080000000, 0x0000000084300000, 0x00000000d5580000)
  object space 68608K, 39% used [0x0000000080000000,0x0000000081ab8ad0,0x0000000084300000)
 Metaspace       used 51689K, committed 52864K, reserved 1114112K
  class space    used 5687K, committed 6208K, reserved 1048576K

Card table byte_map: [0x0000019fac860000,0x0000019facc70000] _byte_map_base: 0x0000019fac460000

Marking Bits: (ParMarkBitMap*) 0x00007ffd65b63450
 Begin Bits: [0x0000019facf20000, 0x0000019faef20000)
 End Bits:   [0x0000019faef20000, 0x0000019fb0f20000)

Polling page: 0x0000019f98e20000

Metaspace:

Usage:
  Non-class:     44.92 MB used.
      Class:      5.55 MB used.
       Both:     50.48 MB used.

Virtual space:
  Non-class space:       64.00 MB reserved,      45.56 MB ( 71%) committed,  1 nodes.
      Class space:        1.00 GB reserved,       6.06 MB ( <1%) committed,  1 nodes.
             Both:        1.06 GB reserved,      51.62 MB (  5%) committed. 

Chunk freelists:
   Non-Class:  2.05 MB
       Class:  9.86 MB
        Both:  11.91 MB

MaxMetaspaceSize: unlimited
CompressedClassSpaceSize: 1.00 GB
Initial GC threshold: 21.00 MB
Current GC threshold: 58.38 MB
CDS: on
 - commit_granule_bytes: 65536.
 - commit_granule_words: 8192.
 - virtual_space_node_default_size: 8388608.
 - enlarge_chunks_in_place: 1.
 - use_allocation_guard: 0.


Internal statistics:

num_allocs_failed_limit: 10.
num_arena_births: 794.
num_arena_deaths: 14.
num_vsnodes_births: 2.
num_vsnodes_deaths: 0.
num_space_committed: 826.
num_space_uncommitted: 0.
num_chunks_returned_to_freelist: 24.
num_chunks_taken_from_freelist: 2909.
num_chunk_merges: 9.
num_chunk_splits: 1805.
num_chunks_enlarged: 1051.
num_inconsistent_stats: 0.

CodeHeap 'non-profiled nmethods': size=120000Kb used=3945Kb max_used=3945Kb free=116055Kb
 bounds [0x0000019fa5140000, 0x0000019fa5520000, 0x0000019fac670000]
CodeHeap 'profiled nmethods': size=120000Kb used=13935Kb max_used=13935Kb free=106064Kb
 bounds [0x0000019f9d670000, 0x0000019f9e410000, 0x0000019fa4ba0000]
CodeHeap 'non-nmethods': size=5760Kb used=1401Kb max_used=1482Kb free=4358Kb
 bounds [0x0000019fa4ba0000, 0x0000019fa4e10000, 0x0000019fa5140000]
CodeCache: size=245760Kb, used=19281Kb, max_used=19362Kb, free=226477Kb
 total_blobs=7366, nmethods=6661, adapters=611, full_count=0
Compilation: enabled, stopped_count=0, restarted_count=0

Compilation events (20 events):
Event: 1366.190 Thread 0x0000019fb1532140 7224  s    3       org.eclipse.core.internal.filesystem.InternalFileSystemCore::getFileSystemRegistry (156 bytes)
Event: 1366.252 Thread 0x0000019fb1532140 nmethod 7224 0x0000019f9e403290 code [0x0000019f9e403600, 0x0000019f9e4056b0]
Event: 1366.253 Thread 0x0000019fb1532140 7225       3       com.sun.jna.internal.Cleaner::getCleaner (4 bytes)
Event: 1366.255 Thread 0x0000019fb1532140 nmethod 7225 0x0000019f9e406090 code [0x0000019f9e406220, 0x0000019f9e406318]
Event: 1366.255 Thread 0x0000019fb1532140 7226  s    3       com.sun.jna.internal.Cleaner::register (19 bytes)
Event: 1366.266 Thread 0x0000019fb1532140 nmethod 7226 0x0000019f9e406390 code [0x0000019f9e406560, 0x0000019f9e406a18]
Event: 1366.266 Thread 0x0000019fb1532140 7227       3       com.sun.jna.internal.Cleaner$CleanerRef::<init> (18 bytes)
Event: 1366.267 Thread 0x0000019fb1532140 nmethod 7227 0x0000019f9e406c10 code [0x0000019f9e406dc0, 0x0000019f9e407098]
Event: 1366.267 Thread 0x0000019fb1532140 7228  s!   3       com.sun.jna.internal.Cleaner::add (94 bytes)
Event: 1366.286 Thread 0x0000019fb1532140 nmethod 7228 0x0000019f9e407210 code [0x0000019f9e407480, 0x0000019f9e407e18]
Event: 1366.286 Thread 0x0000019fb1532140 7229       3       com.sun.jna.Memory::<init> (121 bytes)
Event: 1366.334 Thread 0x0000019fb1532140 nmethod 7229 0x0000019f9e408290 code [0x0000019f9e4085a0, 0x0000019f9e409430]
Event: 1789.845 Thread 0x0000019fb1532140 7230       3       java.util.concurrent.locks.AbstractQueuedSynchronizer$Node::setStatusRelaxed (12 bytes)
Event: 1794.614 Thread 0x0000019fb1532140 nmethod 7230 0x0000019f9e409a10 code [0x0000019f9e409ba0, 0x0000019f9e409cb8]
Event: 1908.728 Thread 0x0000019fb1532140 7231       1       com.sun.jna.internal.Cleaner::access$100 (5 bytes)
Event: 1908.881 Thread 0x0000019fb1532140 nmethod 7231 0x0000019fa551a110 code [0x0000019fa551a2a0, 0x0000019fa551a350]
Event: 2072.328 Thread 0x0000019fb1532140 7232       3       java.util.concurrent.ScheduledThreadPoolExecutor$DelayedWorkQueue::finishPoll (43 bytes)
Event: 2072.355 Thread 0x0000019fb1532140 nmethod 7232 0x0000019f9e409d90 code [0x0000019f9e409f60, 0x0000019f9e40a4e8]
Event: 2072.356 Thread 0x0000019fb1532140 7234       3       java.util.concurrent.locks.AbstractQueuedSynchronizer$ConditionObject::awaitNanos (202 bytes)
Event: 2072.409 Thread 0x0000019fb1532140 nmethod 7234 0x0000019f9e40a690 code [0x0000019f9e40a980, 0x0000019f9e40b7a0]

GC Heap History (20 events):
Event: 40.752 GC heap before
{Heap before GC invocations=15 (full 1):
 PSYoungGen      total 23040K, used 20556K [0x00000000d5580000, 0x00000000d7280000, 0x0000000100000000)
  eden space 22016K, 88% used [0x00000000d5580000,0x00000000d68952d0,0x00000000d6b00000)
  from space 1024K, 99% used [0x00000000d7100000,0x00000000d71fdd58,0x00000000d7200000)
  to   space 512K, 0% used [0x00000000d7200000,0x00000000d7200000,0x00000000d7280000)
 ParOldGen       total 68608K, used 17009K [0x0000000080000000, 0x0000000084300000, 0x00000000d5580000)
  object space 68608K, 24% used [0x0000000080000000,0x000000008109c708,0x0000000084300000)
 Metaspace       used 34925K, committed 35840K, reserved 1114112K
  class space    used 3681K, committed 4096K, reserved 1048576K
}
Event: 40.758 GC heap after
{Heap after GC invocations=15 (full 1):
 PSYoungGen      total 22528K, used 512K [0x00000000d5580000, 0x00000000d7280000, 0x0000000100000000)
  eden space 22016K, 0% used [0x00000000d5580000,0x00000000d5580000,0x00000000d6b00000)
  from space 512K, 100% used [0x00000000d7200000,0x00000000d7280000,0x00000000d7280000)
  to   space 3072K, 0% used [0x00000000d6c80000,0x00000000d6c80000,0x00000000d6f80000)
 ParOldGen       total 68608K, used 18953K [0x0000000080000000, 0x0000000084300000, 0x00000000d5580000)
  object space 68608K, 27% used [0x0000000080000000,0x00000000812825d0,0x0000000084300000)
 Metaspace       used 34925K, committed 35840K, reserved 1114112K
  class space    used 3681K, committed 4096K, reserved 1048576K
}
Event: 40.758 GC heap before
{Heap before GC invocations=16 (full 2):
 PSYoungGen      total 22528K, used 512K [0x00000000d5580000, 0x00000000d7280000, 0x0000000100000000)
  eden space 22016K, 0% used [0x00000000d5580000,0x00000000d5580000,0x00000000d6b00000)
  from space 512K, 100% used [0x00000000d7200000,0x00000000d7280000,0x00000000d7280000)
  to   space 3072K, 0% used [0x00000000d6c80000,0x00000000d6c80000,0x00000000d6f80000)
 ParOldGen       total 68608K, used 18953K [0x0000000080000000, 0x0000000084300000, 0x00000000d5580000)
  object space 68608K, 27% used [0x0000000080000000,0x00000000812825d0,0x0000000084300000)
 Metaspace       used 34925K, committed 35840K, reserved 1114112K
  class space    used 3681K, committed 4096K, reserved 1048576K
}
Event: 40.860 GC heap after
{Heap after GC invocations=16 (full 2):
 PSYoungGen      total 22528K, used 0K [0x00000000d5580000, 0x00000000d7280000, 0x0000000100000000)
  eden space 22016K, 0% used [0x00000000d5580000,0x00000000d5580000,0x00000000d6b00000)
  from space 512K, 0% used [0x00000000d7200000,0x00000000d7200000,0x00000000d7280000)
  to   space 3072K, 0% used [0x00000000d6c80000,0x00000000d6c80000,0x00000000d6f80000)
 ParOldGen       total 68608K, used 18417K [0x0000000080000000, 0x0000000084300000, 0x00000000d5580000)
  object space 68608K, 26% used [0x0000000080000000,0x00000000811fc620,0x0000000084300000)
 Metaspace       used 34925K, committed 35840K, reserved 1114112K
  class space    used 3681K, committed 4096K, reserved 1048576K
}
Event: 42.631 GC heap before
{Heap before GC invocations=17 (full 2):
 PSYoungGen      total 22528K, used 22016K [0x00000000d5580000, 0x00000000d7280000, 0x0000000100000000)
  eden space 22016K, 100% used [0x00000000d5580000,0x00000000d6b00000,0x00000000d6b00000)
  from space 512K, 0% used [0x00000000d7200000,0x00000000d7200000,0x00000000d7280000)
  to   space 3072K, 0% used [0x00000000d6c80000,0x00000000d6c80000,0x00000000d6f80000)
 ParOldGen       total 68608K, used 18417K [0x0000000080000000, 0x0000000084300000, 0x00000000d5580000)
  object space 68608K, 26% used [0x0000000080000000,0x00000000811fc620,0x0000000084300000)
 Metaspace       used 38055K, committed 39040K, reserved 1114112K
  class space    used 4093K, committed 4544K, reserved 1048576K
}
Event: 42.638 GC heap after
{Heap after GC invocations=17 (full 2):
 PSYoungGen      total 25088K, used 1568K [0x00000000d5580000, 0x00000000d7280000, 0x0000000100000000)
  eden space 22016K, 0% used [0x00000000d5580000,0x00000000d5580000,0x00000000d6b00000)
  from space 3072K, 51% used [0x00000000d6c80000,0x00000000d6e08000,0x00000000d6f80000)
  to   space 2048K, 0% used [0x00000000d7080000,0x00000000d7080000,0x00000000d7280000)
 ParOldGen       total 68608K, used 18425K [0x0000000080000000, 0x0000000084300000, 0x00000000d5580000)
  object space 68608K, 26% used [0x0000000080000000,0x00000000811fe620,0x0000000084300000)
 Metaspace       used 38055K, committed 39040K, reserved 1114112K
  class space    used 4093K, committed 4544K, reserved 1048576K
}
Event: 47.529 GC heap before
{Heap before GC invocations=18 (full 2):
 PSYoungGen      total 25088K, used 23584K [0x00000000d5580000, 0x00000000d7280000, 0x0000000100000000)
  eden space 22016K, 100% used [0x00000000d5580000,0x00000000d6b00000,0x00000000d6b00000)
  from space 3072K, 51% used [0x00000000d6c80000,0x00000000d6e08000,0x00000000d6f80000)
  to   space 2048K, 0% used [0x00000000d7080000,0x00000000d7080000,0x00000000d7280000)
 ParOldGen       total 68608K, used 18425K [0x0000000080000000, 0x0000000084300000, 0x00000000d5580000)
  object space 68608K, 26% used [0x0000000080000000,0x00000000811fe620,0x0000000084300000)
 Metaspace       used 40793K, committed 41920K, reserved 1114112K
  class space    used 4395K, committed 4864K, reserved 1048576K
}
Event: 47.536 GC heap after
{Heap after GC invocations=18 (full 2):
 PSYoungGen      total 24064K, used 1809K [0x00000000d5580000, 0x00000000d7280000, 0x0000000100000000)
  eden space 22016K, 0% used [0x00000000d5580000,0x00000000d5580000,0x00000000d6b00000)
  from space 2048K, 88% used [0x00000000d7080000,0x00000000d7244460,0x00000000d7280000)
  to   space 2048K, 0% used [0x00000000d6e80000,0x00000000d6e80000,0x00000000d7080000)
 ParOldGen       total 68608K, used 19785K [0x0000000080000000, 0x0000000084300000, 0x00000000d5580000)
  object space 68608K, 28% used [0x0000000080000000,0x0000000081352568,0x0000000084300000)
 Metaspace       used 40793K, committed 41920K, reserved 1114112K
  class space    used 4395K, committed 4864K, reserved 1048576K
}
Event: 48.038 GC heap before
{Heap before GC invocations=19 (full 2):
 PSYoungGen      total 24064K, used 23822K [0x00000000d5580000, 0x00000000d7280000, 0x0000000100000000)
  eden space 22016K, 99% used [0x00000000d5580000,0x00000000d6aff790,0x00000000d6b00000)
  from space 2048K, 88% used [0x00000000d7080000,0x00000000d7244460,0x00000000d7280000)
  to   space 2048K, 0% used [0x00000000d6e80000,0x00000000d6e80000,0x00000000d7080000)
 ParOldGen       total 68608K, used 19785K [0x0000000080000000, 0x0000000084300000, 0x00000000d5580000)
  object space 68608K, 28% used [0x0000000080000000,0x0000000081352568,0x0000000084300000)
 Metaspace       used 43706K, committed 44800K, reserved 1114112K
  class space    used 4724K, committed 5184K, reserved 1048576K
}
Event: 48.044 GC heap after
{Heap after GC invocations=19 (full 2):
 PSYoungGen      total 24064K, used 1632K [0x00000000d5580000, 0x00000000d7100000, 0x0000000100000000)
  eden space 22016K, 0% used [0x00000000d5580000,0x00000000d5580000,0x00000000d6b00000)
  from space 2048K, 79% used [0x00000000d6e80000,0x00000000d7018000,0x00000000d7080000)
  to   space 512K, 0% used [0x00000000d7080000,0x00000000d7080000,0x00000000d7100000)
 ParOldGen       total 68608K, used 21495K [0x0000000080000000, 0x0000000084300000, 0x00000000d5580000)
  object space 68608K, 31% used [0x0000000080000000,0x00000000814fdf60,0x0000000084300000)
 Metaspace       used 43706K, committed 44800K, reserved 1114112K
  class space    used 4724K, committed 5184K, reserved 1048576K
}
Event: 51.751 GC heap before
{Heap before GC invocations=20 (full 2):
 PSYoungGen      total 24064K, used 23646K [0x00000000d5580000, 0x00000000d7100000, 0x0000000100000000)
  eden space 22016K, 99% used [0x00000000d5580000,0x00000000d6aff860,0x00000000d6b00000)
  from space 2048K, 79% used [0x00000000d6e80000,0x00000000d7018000,0x00000000d7080000)
  to   space 512K, 0% used [0x00000000d7080000,0x00000000d7080000,0x00000000d7100000)
 ParOldGen       total 68608K, used 21495K [0x0000000080000000, 0x0000000084300000, 0x00000000d5580000)
  object space 68608K, 31% used [0x0000000080000000,0x00000000814fdf60,0x0000000084300000)
 Metaspace       used 46700K, committed 47808K, reserved 1114112K
  class space    used 5101K, committed 5568K, reserved 1048576K
}
Event: 51.759 GC heap after
{Heap after GC invocations=20 (full 2):
 PSYoungGen      total 22528K, used 512K [0x00000000d5580000, 0x00000000d7100000, 0x0000000100000000)
  eden space 22016K, 0% used [0x00000000d5580000,0x00000000d5580000,0x00000000d6b00000)
  from space 512K, 100% used [0x00000000d7080000,0x00000000d7100000,0x00000000d7100000)
  to   space 3072K, 0% used [0x00000000d6b00000,0x00000000d6b00000,0x00000000d6e00000)
 ParOldGen       total 68608K, used 23811K [0x0000000080000000, 0x0000000084300000, 0x00000000d5580000)
  object space 68608K, 34% used [0x0000000080000000,0x0000000081740c58,0x0000000084300000)
 Metaspace       used 46700K, committed 47808K, reserved 1114112K
  class space    used 5101K, committed 5568K, reserved 1048576K
}
Event: 54.729 GC heap before
{Heap before GC invocations=21 (full 2):
 PSYoungGen      total 22528K, used 22491K [0x00000000d5580000, 0x00000000d7100000, 0x0000000100000000)
  eden space 22016K, 99% used [0x00000000d5580000,0x00000000d6af6f28,0x00000000d6b00000)
  from space 512K, 100% used [0x00000000d7080000,0x00000000d7100000,0x00000000d7100000)
  to   space 3072K, 0% used [0x00000000d6b00000,0x00000000d6b00000,0x00000000d6e00000)
 ParOldGen       total 68608K, used 23811K [0x0000000080000000, 0x0000000084300000, 0x00000000d5580000)
  object space 68608K, 34% used [0x0000000080000000,0x0000000081740c58,0x0000000084300000)
 Metaspace       used 48737K, committed 49856K, reserved 1114112K
  class space    used 5365K, committed 5888K, reserved 1048576K
}
Event: 54.752 GC heap after
{Heap after GC invocations=21 (full 2):
 PSYoungGen      total 25088K, used 1012K [0x00000000d5580000, 0x00000000d7100000, 0x0000000100000000)
  eden space 22016K, 0% used [0x00000000d5580000,0x00000000d5580000,0x00000000d6b00000)
  from space 3072K, 32% used [0x00000000d6b00000,0x00000000d6bfd2c8,0x00000000d6e00000)
  to   space 2048K, 0% used [0x00000000d6f00000,0x00000000d6f00000,0x00000000d7100000)
 ParOldGen       total 68608K, used 24299K [0x0000000080000000, 0x0000000084300000, 0x00000000d5580000)
  object space 68608K, 35% used [0x0000000080000000,0x00000000817bac58,0x0000000084300000)
 Metaspace       used 48737K, committed 49856K, reserved 1114112K
  class space    used 5365K, committed 5888K, reserved 1048576K
}
Event: 57.210 GC heap before
{Heap before GC invocations=22 (full 2):
 PSYoungGen      total 25088K, used 23028K [0x00000000d5580000, 0x00000000d7100000, 0x0000000100000000)
  eden space 22016K, 100% used [0x00000000d5580000,0x00000000d6b00000,0x00000000d6b00000)
  from space 3072K, 32% used [0x00000000d6b00000,0x00000000d6bfd2c8,0x00000000d6e00000)
  to   space 2048K, 0% used [0x00000000d6f00000,0x00000000d6f00000,0x00000000d7100000)
 ParOldGen       total 68608K, used 24299K [0x0000000080000000, 0x0000000084300000, 0x00000000d5580000)
  object space 68608K, 35% used [0x0000000080000000,0x00000000817bac58,0x0000000084300000)
 Metaspace       used 50518K, committed 51712K, reserved 1114112K
  class space    used 5559K, committed 6080K, reserved 1048576K
}
Event: 57.214 GC heap after
{Heap after GC invocations=22 (full 2):
 PSYoungGen      total 23552K, used 1097K [0x00000000d5580000, 0x00000000d7080000, 0x0000000100000000)
  eden space 22016K, 0% used [0x00000000d5580000,0x00000000d5580000,0x00000000d6b00000)
  from space 1536K, 71% used [0x00000000d6f00000,0x00000000d70125e0,0x00000000d7080000)
  to   space 1536K, 0% used [0x00000000d6d80000,0x00000000d6d80000,0x00000000d6f00000)
 ParOldGen       total 68608K, used 25084K [0x0000000080000000, 0x0000000084300000, 0x00000000d5580000)
  object space 68608K, 36% used [0x0000000080000000,0x000000008187f260,0x0000000084300000)
 Metaspace       used 50518K, committed 51712K, reserved 1114112K
  class space    used 5559K, committed 6080K, reserved 1048576K
}
Event: 60.494 GC heap before
{Heap before GC invocations=23 (full 2):
 PSYoungGen      total 23552K, used 23113K [0x00000000d5580000, 0x00000000d7080000, 0x0000000100000000)
  eden space 22016K, 100% used [0x00000000d5580000,0x00000000d6b00000,0x00000000d6b00000)
  from space 1536K, 71% used [0x00000000d6f00000,0x00000000d70125e0,0x00000000d7080000)
  to   space 1536K, 0% used [0x00000000d6d80000,0x00000000d6d80000,0x00000000d6f00000)
 ParOldGen       total 68608K, used 25084K [0x0000000080000000, 0x0000000084300000, 0x00000000d5580000)
  object space 68608K, 36% used [0x0000000080000000,0x000000008187f260,0x0000000084300000)
 Metaspace       used 50644K, committed 51776K, reserved 1114112K
  class space    used 5573K, committed 6080K, reserved 1048576K
}
Event: 60.497 GC heap after
{Heap after GC invocations=23 (full 2):
 PSYoungGen      total 23552K, used 1344K [0x00000000d5580000, 0x00000000d6f80000, 0x0000000100000000)
  eden space 22016K, 0% used [0x00000000d5580000,0x00000000d5580000,0x00000000d6b00000)
  from space 1536K, 87% used [0x00000000d6d80000,0x00000000d6ed0000,0x00000000d6f00000)
  to   space 512K, 0% used [0x00000000d6f00000,0x00000000d6f00000,0x00000000d6f80000)
 ParOldGen       total 68608K, used 25746K [0x0000000080000000, 0x0000000084300000, 0x00000000d5580000)
  object space 68608K, 37% used [0x0000000080000000,0x0000000081924ac0,0x0000000084300000)
 Metaspace       used 50644K, committed 51776K, reserved 1114112K
  class space    used 5573K, committed 6080K, reserved 1048576K
}
Event: 74.397 GC heap before
{Heap before GC invocations=24 (full 2):
 PSYoungGen      total 23552K, used 23360K [0x00000000d5580000, 0x00000000d6f80000, 0x0000000100000000)
  eden space 22016K, 100% used [0x00000000d5580000,0x00000000d6b00000,0x00000000d6b00000)
  from space 1536K, 87% used [0x00000000d6d80000,0x00000000d6ed0000,0x00000000d6f00000)
  to   space 512K, 0% used [0x00000000d6f00000,0x00000000d6f00000,0x00000000d6f80000)
 ParOldGen       total 68608K, used 25746K [0x0000000080000000, 0x0000000084300000, 0x00000000d5580000)
  object space 68608K, 37% used [0x0000000080000000,0x0000000081924ac0,0x0000000084300000)
 Metaspace       used 51312K, committed 52480K, reserved 1114112K
  class space    used 5648K, committed 6144K, reserved 1048576K
}
Event: 74.401 GC heap after
{Heap after GC invocations=24 (full 2):
 PSYoungGen      total 22528K, used 504K [0x00000000d5580000, 0x00000000d7000000, 0x0000000100000000)
  eden space 22016K, 0% used [0x00000000d5580000,0x00000000d5580000,0x00000000d6b00000)
  from space 512K, 98% used [0x00000000d6f00000,0x00000000d6f7e1d8,0x00000000d6f80000)
  to   space 2560K, 0% used [0x00000000d6b00000,0x00000000d6b00000,0x00000000d6d80000)
 ParOldGen       total 68608K, used 27362K [0x0000000080000000, 0x0000000084300000, 0x00000000d5580000)
  object space 68608K, 39% used [0x0000000080000000,0x0000000081ab8ad0,0x0000000084300000)
 Metaspace       used 51312K, committed 52480K, reserved 1114112K
  class space    used 5648K, committed 6144K, reserved 1048576K
}

Dll operation events (14 events):
Event: 2.488 Loaded shared library c:\Users\gouti\.vscode\extensions\redhat.java-1.54.0-win32-x64\jre\21.0.10-win32-x86_64\bin\java.dll
Event: 4.471 Loaded shared library c:\Users\gouti\.vscode\extensions\redhat.java-1.54.0-win32-x64\jre\21.0.10-win32-x86_64\bin\zip.dll
Event: 5.206 Loaded shared library C:\Users\gouti\.vscode\extensions\redhat.java-1.54.0-win32-x64\jre\21.0.10-win32-x86_64\bin\instrument.dll
Event: 5.264 Loaded shared library C:\Users\gouti\.vscode\extensions\redhat.java-1.54.0-win32-x64\jre\21.0.10-win32-x86_64\bin\net.dll
Event: 5.336 Loaded shared library C:\Users\gouti\.vscode\extensions\redhat.java-1.54.0-win32-x64\jre\21.0.10-win32-x86_64\bin\nio.dll
Event: 5.389 Loaded shared library C:\Users\gouti\.vscode\extensions\redhat.java-1.54.0-win32-x64\jre\21.0.10-win32-x86_64\bin\zip.dll
Event: 5.729 Loaded shared library C:\Users\gouti\.vscode\extensions\redhat.java-1.54.0-win32-x64\jre\21.0.10-win32-x86_64\bin\jimage.dll
Event: 7.076 Loaded shared library c:\Users\gouti\.vscode\extensions\redhat.java-1.54.0-win32-x64\jre\21.0.10-win32-x86_64\bin\verify.dll
Event: 18.421 Loaded shared library C:\Users\gouti\AppData\Roaming\Code\User\globalStorage\redhat.java\1.54.0\config_win\org.eclipse.equinox.launcher\org.eclipse.equinox.launcher.win32.win32.x86_64_1.3.0.v20260203-2149\eclipse_11919.dll
Event: 29.462 Loaded shared library C:\Users\gouti\.vscode\extensions\redhat.java-1.54.0-win32-x64\jre\21.0.10-win32-x86_64\bin\management.dll
Event: 29.472 Loaded shared library C:\Users\gouti\.vscode\extensions\redhat.java-1.54.0-win32-x64\jre\21.0.10-win32-x86_64\bin\management_ext.dll
Event: 42.607 Loaded shared library C:\Users\gouti\AppData\Local\Temp\jna-98545602\jna14424123131653033106.dll
Event: 47.971 Loaded shared library C:\Users\gouti\.vscode\extensions\redhat.java-1.54.0-win32-x64\jre\21.0.10-win32-x86_64\bin\sunmscapi.dll
Event: 48.263 Loaded shared library C:\Users\gouti\.vscode\extensions\redhat.java-1.54.0-win32-x64\jre\21.0.10-win32-x86_64\bin\extnet.dll

Deoptimization events (20 events):
Event: 74.389 Thread 0x0000019ff83bfa30 DEOPT PACKING pc=0x0000019f9e390ef8 sp=0x0000000101afeca0
Event: 74.389 Thread 0x0000019ff83bfa30 DEOPT UNPACKING pc=0x0000019fa4bf4242 sp=0x0000000101afe1f8 mode 0
Event: 74.391 Thread 0x0000019ff83bfa30 DEOPT PACKING pc=0x0000019f9e390ef8 sp=0x0000000101afeca0
Event: 74.391 Thread 0x0000019ff83bfa30 DEOPT UNPACKING pc=0x0000019fa4bf4242 sp=0x0000000101afe1f8 mode 0
Event: 74.391 Thread 0x0000019ff83bfa30 DEOPT PACKING pc=0x0000019f9e390ef8 sp=0x0000000101afeca0
Event: 74.391 Thread 0x0000019ff83bfa30 DEOPT UNPACKING pc=0x0000019fa4bf4242 sp=0x0000000101afe1f8 mode 0
Event: 916.964 Thread 0x0000019ff93e5a20 Uncommon trap: trap_request=0xffffff45 fr.pc=0x0000019fa53ff3ac relative=0x00000000000009cc
Event: 916.965 Thread 0x0000019ff93e5a20 Uncommon trap: reason=unstable_if action=reinterpret pc=0x0000019fa53ff3ac method=java.util.concurrent.ConcurrentHashMap.putVal(Ljava/lang/Object;Ljava/lang/Object;Z)Ljava/lang/Object; @ 401 c2
Event: 916.965 Thread 0x0000019ff93e5a20 DEOPT PACKING pc=0x0000019fa53ff3ac sp=0x00000001034fcbf0
Event: 916.967 Thread 0x0000019ff93e5a20 DEOPT UNPACKING pc=0x0000019fa4bf3aa2 sp=0x00000001034fcb80 mode 2
Event: 931.844 Thread 0x0000019ff93e5a20 DEOPT PACKING pc=0x0000019f9e37904e sp=0x00000001034fe870
Event: 931.846 Thread 0x0000019ff93e5a20 DEOPT UNPACKING pc=0x0000019fa4bf4242 sp=0x00000001034fddf0 mode 0
Event: 947.393 Thread 0x0000019ff93e5a20 DEOPT PACKING pc=0x0000019f9d719e78 sp=0x00000001034fe9b0
Event: 947.393 Thread 0x0000019ff93e5a20 DEOPT UNPACKING pc=0x0000019fa4bf4242 sp=0x00000001034fde98 mode 0
Event: 1280.269 Thread 0x0000019ff93e5a20 DEOPT PACKING pc=0x0000019f9e37904e sp=0x00000001034fe830
Event: 1280.273 Thread 0x0000019ff93e5a20 DEOPT UNPACKING pc=0x0000019fa4bf4242 sp=0x00000001034fddb0 mode 0
Event: 1292.218 Thread 0x0000019ff93e5a20 DEOPT PACKING pc=0x0000019f9e37904e sp=0x00000001034fe870
Event: 1292.221 Thread 0x0000019ff93e5a20 DEOPT UNPACKING pc=0x0000019fa4bf4242 sp=0x00000001034fddf0 mode 0
Event: 1366.153 Thread 0x0000019ff93e5a20 DEOPT PACKING pc=0x0000019f9e37904e sp=0x00000001034fe7c0
Event: 1366.153 Thread 0x0000019ff93e5a20 DEOPT UNPACKING pc=0x0000019fa4bf4242 sp=0x00000001034fdd40 mode 0

Classes loaded (20 events):
Event: 62.079 Loading class java/util/concurrent/CompletableFuture$Signaller
Event: 62.079 Loading class java/util/concurrent/CompletableFuture$Signaller done
Event: 62.198 Loading class sun/security/ssl/Alert
Event: 62.202 Loading class sun/security/ssl/Alert done
Event: 62.202 Loading class sun/security/ssl/Alert$AlertConsumer
Event: 62.203 Loading class sun/security/ssl/Alert$AlertConsumer done
Event: 62.203 Loading class sun/security/ssl/Alert$Level
Event: 62.203 Loading class sun/security/ssl/Alert$Level done
Event: 912.110 Loading class java/util/stream/DistinctOps
Event: 912.210 Loading class java/util/stream/DistinctOps done
Event: 912.218 Loading class java/util/stream/DistinctOps$1
Event: 912.345 Loading class java/util/stream/DistinctOps$1 done
Event: 912.917 Loading class java/util/stream/DistinctOps$1$2
Event: 912.939 Loading class java/util/stream/DistinctOps$1$2 done
Event: 916.482 Loading class java/nio/file/DirectoryNotEmptyException
Event: 916.491 Loading class java/nio/file/DirectoryNotEmptyException done
Event: 916.951 Loading class jdk/internal/reflect/MethodHandleShortFieldAccessorImpl
Event: 916.955 Loading class jdk/internal/reflect/MethodHandleShortFieldAccessorImpl done
Event: 916.959 Loading class java/lang/Short$ShortCache
Event: 916.962 Loading class java/lang/Short$ShortCache done

Classes unloaded (7 events):
Event: 32.082 Thread 0x0000019fb1512690 Unloading class 0x0000019fb31aac00 'java/lang/invoke/LambdaForm$MH+0x0000019fb31aac00'
Event: 32.082 Thread 0x0000019fb1512690 Unloading class 0x0000019fb31aa800 'java/lang/invoke/LambdaForm$MH+0x0000019fb31aa800'
Event: 32.082 Thread 0x0000019fb1512690 Unloading class 0x0000019fb31aa400 'java/lang/invoke/LambdaForm$MH+0x0000019fb31aa400'
Event: 32.082 Thread 0x0000019fb1512690 Unloading class 0x0000019fb31aa000 'java/lang/invoke/LambdaForm$MH+0x0000019fb31aa000'
Event: 32.082 Thread 0x0000019fb1512690 Unloading class 0x0000019fb31a9c00 'java/lang/invoke/LambdaForm$BMH+0x0000019fb31a9c00'
Event: 32.082 Thread 0x0000019fb1512690 Unloading class 0x0000019fb31a9800 'java/lang/invoke/LambdaForm$DMH+0x0000019fb31a9800'
Event: 32.082 Thread 0x0000019fb1512690 Unloading class 0x0000019fb31a8400 'java/lang/invoke/LambdaForm$DMH+0x0000019fb31a8400'

Classes redefined (0 events):
No events

Internal exceptions (20 events):
Event: 61.500 Thread 0x0000019ff8bba2d0 Exception <a 'sun/nio/fs/WindowsException'{0x00000000d6394538}> (0x00000000d6394538) 
thrown [s\src\hotspot\share\prims\jni.cpp, line 520]
Event: 61.501 Thread 0x0000019ff8bba2d0 Exception <a 'sun/nio/fs/WindowsException'{0x00000000d6397a70}> (0x00000000d6397a70) 
thrown [s\src\hotspot\share\prims\jni.cpp, line 520]
Event: 61.502 Thread 0x0000019ff8bba2d0 Exception <a 'sun/nio/fs/WindowsException'{0x00000000d639afa0}> (0x00000000d639afa0) 
thrown [s\src\hotspot\share\prims\jni.cpp, line 520]
Event: 61.502 Thread 0x0000019ff8bba2d0 Exception <a 'sun/nio/fs/WindowsException'{0x00000000d639e4e8}> (0x00000000d639e4e8) 
thrown [s\src\hotspot\share\prims\jni.cpp, line 520]
Event: 61.503 Thread 0x0000019ff8bba2d0 Exception <a 'sun/nio/fs/WindowsException'{0x00000000d63a1a30}> (0x00000000d63a1a30) 
thrown [s\src\hotspot\share\prims\jni.cpp, line 520]
Event: 61.504 Thread 0x0000019ff8bba2d0 Exception <a 'sun/nio/fs/WindowsException'{0x00000000d63a4d80}> (0x00000000d63a4d80) 
thrown [s\src\hotspot\share\prims\jni.cpp, line 520]
Event: 61.504 Thread 0x0000019ff8bba2d0 Exception <a 'sun/nio/fs/WindowsException'{0x00000000d63a7d50}> (0x00000000d63a7d50) 
thrown [s\src\hotspot\share\prims\jni.cpp, line 520]
Event: 61.505 Thread 0x0000019ff8bba2d0 Exception <a 'sun/nio/fs/WindowsException'{0x00000000d63aab38}> (0x00000000d63aab38) 
thrown [s\src\hotspot\share\prims\jni.cpp, line 520]
Event: 61.506 Thread 0x0000019ff8bba2d0 Exception <a 'sun/nio/fs/WindowsException'{0x00000000d63adf98}> (0x00000000d63adf98) 
thrown [s\src\hotspot\share\prims\jni.cpp, line 520]
Event: 61.507 Thread 0x0000019ff8bba2d0 Exception <a 'sun/nio/fs/WindowsException'{0x00000000d63b1260}> (0x00000000d63b1260) 
thrown [s\src\hotspot\share\prims\jni.cpp, line 520]
Event: 61.508 Thread 0x0000019ff8bba2d0 Exception <a 'sun/nio/fs/WindowsException'{0x00000000d63b4960}> (0x00000000d63b4960) 
thrown [s\src\hotspot\share\prims\jni.cpp, line 520]
Event: 61.573 Thread 0x0000019ff93e6740 Exception <a 'sun/nio/fs/WindowsException'{0x00000000d649bee8}> (0x00000000d649bee8) 
thrown [s\src\hotspot\share\prims\jni.cpp, line 520]
Event: 61.573 Thread 0x0000019ff93e6740 Exception <a 'sun/nio/fs/WindowsException'{0x00000000d649c538}> (0x00000000d649c538) 
thrown [s\src\hotspot\share\prims\jni.cpp, line 520]
Event: 61.575 Thread 0x0000019ff93e6740 Exception <a 'sun/nio/fs/WindowsException'{0x00000000d649f6a8}> (0x00000000d649f6a8) 
thrown [s\src\hotspot\share\prims\jni.cpp, line 520]
Event: 61.575 Thread 0x0000019ff93e6740 Exception <a 'sun/nio/fs/WindowsException'{0x00000000d64bfe30}> (0x00000000d64bfe30) 
thrown [s\src\hotspot\share\prims\jni.cpp, line 520]
Event: 61.576 Thread 0x0000019ff93e6740 Exception <a 'sun/nio/fs/WindowsException'{0x00000000d64c0b18}> (0x00000000d64c0b18) 
thrown [s\src\hotspot\share\prims\jni.cpp, line 520]
Event: 61.576 Thread 0x0000019ff93e6740 Exception <a 'sun/nio/fs/WindowsException'{0x00000000d64c1148}> (0x00000000d64c1148) 
thrown [s\src\hotspot\share\prims\jni.cpp, line 520]
Event: 61.577 Thread 0x0000019ff93e6740 Exception <a 'sun/nio/fs/WindowsException'{0x00000000d64c1cd0}> (0x00000000d64c1cd0) 
thrown [s\src\hotspot\share\prims\jni.cpp, line 520]
Event: 61.577 Thread 0x0000019ff93e6740 Exception <a 'sun/nio/fs/WindowsException'{0x00000000d64c2300}> (0x00000000d64c2300) 
thrown [s\src\hotspot\share\prims\jni.cpp, line 520]
Event: 61.582 Thread 0x0000019ff93e6740 Exception <a 'java/lang/IncompatibleClassChangeError'{0x00000000d64f25b8}: Found class java.lang.Object, but interface was expected> (0x00000000d64f25b8) 
thrown [s\src\hotspot\share\interpreter\linkResolver.cpp, line 840]

ZGC Phase Switch (0 events):
No events

VM Operations (20 events):
Event: 1292.282 Executing safepoint VM operation: Cleanup
Event: 1292.307 Executing safepoint VM operation: Cleanup done
Event: 1297.318 Executing safepoint VM operation: Cleanup
Event: 1297.318 Executing safepoint VM operation: Cleanup done
Event: 1565.823 Executing non-safepoint VM operation: HandshakeAllThreads (HandshakeForDeflation)
Event: 1565.830 Executing non-safepoint VM operation: HandshakeAllThreads (HandshakeForDeflation) done
Event: 1565.830 Executing non-safepoint VM operation: RendezvousGCThreads
Event: 1565.830 Executing non-safepoint VM operation: RendezvousGCThreads done
Event: 1625.984 Executing non-safepoint VM operation: HandshakeAllThreads (HandshakeForDeflation)
Event: 1625.985 Executing non-safepoint VM operation: HandshakeAllThreads (HandshakeForDeflation) done
Event: 1625.985 Executing non-safepoint VM operation: RendezvousGCThreads
Event: 1625.985 Executing non-safepoint VM operation: RendezvousGCThreads done
Event: 1686.129 Executing non-safepoint VM operation: HandshakeAllThreads (HandshakeForDeflation)
Event: 1686.129 Executing non-safepoint VM operation: HandshakeAllThreads (HandshakeForDeflation) done
Event: 1686.129 Executing non-safepoint VM operation: RendezvousGCThreads
Event: 1686.129 Executing non-safepoint VM operation: RendezvousGCThreads done
Event: 2046.710 Executing non-safepoint VM operation: HandshakeAllThreads (HandshakeForDeflation)
Event: 2046.738 Executing non-safepoint VM operation: HandshakeAllThreads (HandshakeForDeflation) done
Event: 2046.740 Executing non-safepoint VM operation: RendezvousGCThreads
Event: 2046.740 Executing non-safepoint VM operation: RendezvousGCThreads done

Memory protections (0 events):
No events

Nmethod flushes (20 events):
Event: 40.805 Thread 0x0000019fb1512690 flushing  nmethod 0x0000019f9dc8e010
Event: 40.805 Thread 0x0000019fb1512690 flushing  nmethod 0x0000019f9dc8f590
Event: 40.805 Thread 0x0000019fb1512690 flushing  nmethod 0x0000019f9dc8fa90
Event: 40.805 Thread 0x0000019fb1512690 flushing  nmethod 0x0000019f9dc8ff90
Event: 40.805 Thread 0x0000019fb1512690 flushing  nmethod 0x0000019f9dc90390
Event: 40.805 Thread 0x0000019fb1512690 flushing  nmethod 0x0000019f9dc90810
Event: 40.805 Thread 0x0000019fb1512690 flushing  nmethod 0x0000019f9dc91390
Event: 40.805 Thread 0x0000019fb1512690 flushing  nmethod 0x0000019f9dc94110
Event: 40.805 Thread 0x0000019fb1512690 flushing  nmethod 0x0000019f9dc94410
Event: 40.805 Thread 0x0000019fb1512690 flushing  nmethod 0x0000019f9dc9d410
Event: 40.805 Thread 0x0000019fb1512690 flushing  nmethod 0x0000019f9dc9ef90
Event: 40.805 Thread 0x0000019fb1512690 flushing  nmethod 0x0000019f9dcbb190
Event: 40.805 Thread 0x0000019fb1512690 flushing  nmethod 0x0000019f9dcc6f90
Event: 40.805 Thread 0x0000019fb1512690 flushing  nmethod 0x0000019f9dcca490
Event: 40.805 Thread 0x0000019fb1512690 flushing  nmethod 0x0000019f9dcd1510
Event: 40.805 Thread 0x0000019fb1512690 flushing  nmethod 0x0000019f9dd28d10
Event: 40.805 Thread 0x0000019fb1512690 flushing  nmethod 0x0000019f9dd3e190
Event: 40.805 Thread 0x0000019fb1512690 flushing  nmethod 0x0000019f9dd52110
Event: 40.805 Thread 0x0000019fb1512690 flushing  nmethod 0x0000019f9ddbb610
Event: 40.805 Thread 0x0000019fb1512690 flushing  nmethod 0x0000019f9ddbba10

Events (20 events):
Event: 61.725 Thread 0x0000019ff93e6740 Thread added: 0x0000019ffb4b0af0
Event: 61.734 Thread 0x0000019ff9533190 Thread exited: 0x0000019ff9533190
Event: 64.152 Thread 0x0000019ffb4afdd0 Thread exited: 0x0000019ffb4afdd0
Event: 64.153 Thread 0x0000019ffb4b1180 Thread exited: 0x0000019ffb4b1180
Event: 64.153 Thread 0x0000019ffb4b1ea0 Thread exited: 0x0000019ffb4b1ea0
Event: 64.155 Thread 0x0000019ffb4af0b0 Thread exited: 0x0000019ffb4af0b0
Event: 64.168 Thread 0x0000019ff93e6dd0 Thread exited: 0x0000019ff93e6dd0
Event: 64.168 Thread 0x0000019ffb4b2bc0 Thread exited: 0x0000019ffb4b2bc0
Event: 64.169 Thread 0x0000019ffb4b0460 Thread exited: 0x0000019ffb4b0460
Event: 64.169 Thread 0x0000019ffb4b1810 Thread exited: 0x0000019ffb4b1810
Event: 67.213 Thread 0x0000019ffb4b3f70 Thread exited: 0x0000019ffb4b3f70
Event: 74.364 Thread 0x0000019fb1532140 Thread added: 0x0000019ffad255c0
Event: 74.397 Thread 0x0000019ffad255c0 Thread added: 0x0000019ffad25c70
Event: 82.561 Thread 0x0000019ffad25c70 Thread exited: 0x0000019ffad25c70
Event: 87.558 Thread 0x0000019ffad255c0 Thread exited: 0x0000019ffad255c0
Event: 121.740 Thread 0x0000019ff93e3950 Thread exited: 0x0000019ff93e3950
Event: 121.741 Thread 0x0000019ff8bb95b0 Thread exited: 0x0000019ff8bb95b0
Event: 122.567 Thread 0x0000019ff8bba2d0 Thread exited: 0x0000019ff8bba2d0
Event: 122.966 Thread 0x0000019ffb4b2530 Thread exited: 0x0000019ffb4b2530
Event: 183.241 Thread 0x0000019ffb4b0af0 Thread exited: 0x0000019ffb4b0af0


Dynamic libraries:
0x00007ff743a20000 - 0x00007ff743a2e000 	c:\Users\gouti\.vscode\extensions\redhat.java-1.54.0-win32-x64\jre\21.0.10-win32-x86_64\bin\java.exe
0x00007ffe65620000 - 0x00007ffe65887000 	C:\WINDOWS\SYSTEM32\ntdll.dll
0x00007ffe23a40000 - 0x00007ffe23a61000 	C:\Program Files\AVG\Antivirus\aswhook.dll
0x00007ffe64e00000 - 0x00007ffe64ec9000 	C:\WINDOWS\System32\KERNEL32.DLL
0x00007ffe62450000 - 0x00007ffe62844000 	C:\WINDOWS\System32\KERNELBASE.dll
0x00007ffe61ef0000 - 0x00007ffe6203b000 	C:\WINDOWS\System32\ucrtbase.dll
0x00007ffe2fc00000 - 0x00007ffe2fc1e000 	c:\Users\gouti\.vscode\extensions\redhat.java-1.54.0-win32-x64\jre\21.0.10-win32-x86_64\bin\VCRUNTIME140.dll
0x00007ffe302b0000 - 0x00007ffe302c8000 	c:\Users\gouti\.vscode\extensions\redhat.java-1.54.0-win32-x64\jre\21.0.10-win32-x86_64\bin\jli.dll
0x00007ffe643e0000 - 0x00007ffe645a5000 	C:\WINDOWS\System32\USER32.dll
0x00007ffe628e0000 - 0x00007ffe62907000 	C:\WINDOWS\System32\win32u.dll
0x00007ffe46b00000 - 0x00007ffe46d93000 	C:\WINDOWS\WinSxS\amd64_microsoft.windows.common-controls_6595b64144ccf1df_6.0.26100.8115_none_3e075c82e3354f9c\COMCTL32.dll
0x00007ffe65030000 - 0x00007ffe6505b000 	C:\WINDOWS\System32\GDI32.dll
0x00007ffe65390000 - 0x00007ffe65439000 	C:\WINDOWS\System32\msvcrt.dll
0x00007ffe62040000 - 0x00007ffe6216b000 	C:\WINDOWS\System32\gdi32full.dll
0x00007ffe623a0000 - 0x00007ffe62443000 	C:\WINDOWS\System32\msvcp_win.dll
0x00007ffe654e0000 - 0x00007ffe65512000 	C:\WINDOWS\System32\IMM32.DLL
0x00007ffe3b6e0000 - 0x00007ffe3b6ec000 	c:\Users\gouti\.vscode\extensions\redhat.java-1.54.0-win32-x64\jre\21.0.10-win32-x86_64\bin\vcruntime140_1.dll
0x00007ffe295a0000 - 0x00007ffe2962d000 	c:\Users\gouti\.vscode\extensions\redhat.java-1.54.0-win32-x64\jre\21.0.10-win32-x86_64\bin\msvcp140.dll
0x00007ffd64ea0000 - 0x00007ffd65c41000 	c:\Users\gouti\.vscode\extensions\redhat.java-1.54.0-win32-x64\jre\21.0.10-win32-x86_64\bin\server\jvm.dll
0x00007ffe65520000 - 0x00007ffe655d6000 	C:\WINDOWS\System32\ADVAPI32.dll
0x00007ffe63550000 - 0x00007ffe635f7000 	C:\WINDOWS\System32\sechost.dll
0x00007ffe63600000 - 0x00007ffe63718000 	C:\WINDOWS\System32\RPCRT4.dll
0x00007ffe64ed0000 - 0x00007ffe64f50000 	C:\WINDOWS\System32\WS2_32.dll
0x00007ffe61d50000 - 0x00007ffe61dae000 	C:\WINDOWS\SYSTEM32\POWRPROF.dll
0x00007ffe50770000 - 0x00007ffe507a6000 	C:\WINDOWS\SYSTEM32\WINMM.dll
0x00007ffe5a140000 - 0x00007ffe5a14b000 	C:\WINDOWS\SYSTEM32\VERSION.dll
0x00007ffe61d30000 - 0x00007ffe61d44000 	C:\WINDOWS\SYSTEM32\UMPDC.dll
0x00007ffe60c40000 - 0x00007ffe60c5b000 	C:\WINDOWS\SYSTEM32\kernel.appcore.dll
0x00007ffe3afa0000 - 0x00007ffe3afaa000 	c:\Users\gouti\.vscode\extensions\redhat.java-1.54.0-win32-x64\jre\21.0.10-win32-x86_64\bin\jimage.dll
0x00007ffe5fc70000 - 0x00007ffe5feb2000 	C:\WINDOWS\SYSTEM32\DBGHELP.DLL
0x00007ffe63720000 - 0x00007ffe63aa2000 	C:\WINDOWS\System32\combase.dll
0x00007ffe63ac0000 - 0x00007ffe63b98000 	C:\WINDOWS\System32\OLEAUT32.dll
0x00007ffe52980000 - 0x00007ffe529bb000 	C:\WINDOWS\SYSTEM32\dbgcore.DLL
0x00007ffe62a90000 - 0x00007ffe62b35000 	C:\WINDOWS\System32\bcryptPrimitives.dll
0x00007ffe3ae30000 - 0x00007ffe3ae3f000 	c:\Users\gouti\.vscode\extensions\redhat.java-1.54.0-win32-x64\jre\21.0.10-win32-x86_64\bin\instrument.dll
0x00007ffe2f8e0000 - 0x00007ffe2f900000 	c:\Users\gouti\.vscode\extensions\redhat.java-1.54.0-win32-x64\jre\21.0.10-win32-x86_64\bin\java.dll
0x00007ffe63ba0000 - 0x00007ffe64307000 	C:\WINDOWS\System32\SHELL32.dll
0x00007ffe62170000 - 0x00007ffe622da000 	C:\WINDOWS\System32\wintypes.dll
0x00007ffe62b40000 - 0x00007ffe633a8000 	C:\WINDOWS\System32\windows.storage.dll
0x00007ffe65060000 - 0x00007ffe65158000 	C:\WINDOWS\System32\SHCORE.dll
0x00007ffe65440000 - 0x00007ffe654a6000 	C:\WINDOWS\System32\shlwapi.dll
0x00007ffe61e10000 - 0x00007ffe61e39000 	C:\WINDOWS\SYSTEM32\profapi.dll
0x00007ffe2f8c0000 - 0x00007ffe2f8d8000 	c:\Users\gouti\.vscode\extensions\redhat.java-1.54.0-win32-x64\jre\21.0.10-win32-x86_64\bin\zip.dll
0x00007ffe38360000 - 0x00007ffe38370000 	C:\Users\gouti\.vscode\extensions\redhat.java-1.54.0-win32-x64\jre\21.0.10-win32-x86_64\bin\net.dll
0x00007ffe55030000 - 0x00007ffe5515d000 	C:\WINDOWS\SYSTEM32\WINHTTP.dll
0x00007ffe61190000 - 0x00007ffe611fc000 	C:\WINDOWS\system32\mswsock.dll
0x00007ffe34a90000 - 0x00007ffe34aa6000 	C:\Users\gouti\.vscode\extensions\redhat.java-1.54.0-win32-x64\jre\21.0.10-win32-x86_64\bin\nio.dll
0x00007ffe34a80000 - 0x00007ffe34a90000 	c:\Users\gouti\.vscode\extensions\redhat.java-1.54.0-win32-x64\jre\21.0.10-win32-x86_64\bin\verify.dll
0x00007ffe34be0000 - 0x00007ffe34c25000 	C:\Users\gouti\AppData\Roaming\Code\User\globalStorage\redhat.java\1.54.0\config_win\org.eclipse.equinox.launcher\org.eclipse.equinox.launcher.win32.win32.x86_64_1.3.0.v20260203-2149\eclipse_11919.dll
0x00007ffe633b0000 - 0x00007ffe63547000 	C:\WINDOWS\System32\ole32.dll
0x00007ffe3b760000 - 0x00007ffe3b76a000 	C:\Users\gouti\.vscode\extensions\redhat.java-1.54.0-win32-x64\jre\21.0.10-win32-x86_64\bin\management.dll
0x00007ffe3b750000 - 0x00007ffe3b75c000 	C:\Users\gouti\.vscode\extensions\redhat.java-1.54.0-win32-x64\jre\21.0.10-win32-x86_64\bin\management_ext.dll
0x00007ffe65160000 - 0x00007ffe65168000 	C:\WINDOWS\System32\PSAPI.DLL
0x00007ffe61590000 - 0x00007ffe615ab000 	C:\WINDOWS\SYSTEM32\CRYPTSP.dll
0x00007ffe60ba0000 - 0x00007ffe60bd9000 	C:\WINDOWS\system32\rsaenh.dll
0x00007ffe61240000 - 0x00007ffe61273000 	C:\WINDOWS\SYSTEM32\USERENV.dll
0x00007ffe61de0000 - 0x00007ffe61e0a000 	C:\WINDOWS\SYSTEM32\bcrypt.dll
0x00007ffe613f0000 - 0x00007ffe613fc000 	C:\WINDOWS\SYSTEM32\CRYPTBASE.dll
0x00007ffe60620000 - 0x00007ffe60652000 	C:\WINDOWS\SYSTEM32\IPHLPAPI.DLL
0x00007ffe654b0000 - 0x00007ffe654ba000 	C:\WINDOWS\System32\NSI.dll
0x00007ffe2f530000 - 0x00007ffe2f579000 	C:\Users\gouti\AppData\Local\Temp\jna-98545602\jna14424123131653033106.dll
0x00007ffe551a0000 - 0x00007ffe551bd000 	C:\WINDOWS\SYSTEM32\dhcpcsvc6.DLL
0x00007ffe54f30000 - 0x00007ffe54f55000 	C:\WINDOWS\SYSTEM32\dhcpcsvc.DLL
0x00007ffe3b740000 - 0x00007ffe3b74e000 	C:\Users\gouti\.vscode\extensions\redhat.java-1.54.0-win32-x64\jre\21.0.10-win32-x86_64\bin\sunmscapi.dll
0x00007ffe62910000 - 0x00007ffe62a87000 	C:\WINDOWS\System32\CRYPT32.dll
0x00007ffe616f0000 - 0x00007ffe61720000 	C:\WINDOWS\SYSTEM32\ncrypt.dll
0x00007ffe616a0000 - 0x00007ffe616df000 	C:\WINDOWS\SYSTEM32\NTASN1.dll
0x00007ffe606b0000 - 0x00007ffe607e2000 	C:\WINDOWS\SYSTEM32\DNSAPI.dll
0x00007ffe51d20000 - 0x00007ffe51d2b000 	C:\Windows\System32\rasadhlp.dll
0x00007ffe54470000 - 0x00007ffe544f6000 	C:\WINDOWS\System32\fwpuclnt.dll
0x00007ffe3b280000 - 0x00007ffe3b289000 	C:\Users\gouti\.vscode\extensions\redhat.java-1.54.0-win32-x64\jre\21.0.10-win32-x86_64\bin\extnet.dll

JVMTI agents:
c:\Users\gouti\.vscode\extensions\redhat.java-1.54.0-win32-x64\lombok\lombok-1.18.39-4050.jar path:c:\Users\gouti\.vscode\extensions\redhat.java-1.54.0-win32-x64\jre\21.0.10-win32-x86_64\bin\instrument.dll, loaded, initialized, instrumentlib options:none

dbghelp: loaded successfully - version: 4.0.5 - missing functions: none
symbol engine: initialized successfully - sym options: 0x614 - pdb path: .;c:\Users\gouti\.vscode\extensions\redhat.java-1.54.0-win32-x64\jre\21.0.10-win32-x86_64\bin;C:\WINDOWS\SYSTEM32;C:\Program Files\AVG\Antivirus;C:\WINDOWS\WinSxS\amd64_microsoft.windows.common-controls_6595b64144ccf1df_6.0.26100.8115_none_3e075c82e3354f9c;c:\Users\gouti\.vscode\extensions\redhat.java-1.54.0-win32-x64\jre\21.0.10-win32-x86_64\bin\server;C:\Users\gouti\AppData\Roaming\Code\User\globalStorage\redhat.java\1.54.0\config_win\org.eclipse.equinox.launcher\org.eclipse.equinox.launcher.win32.win32.x86_64_1.3.0.v20260203-2149;C:\Users\gouti\AppData\Local\Temp\jna-98545602

VM Arguments:
jvm_args: --add-modules=ALL-SYSTEM --add-opens=java.base/java.util=ALL-UNNAMED --add-opens=java.base/java.lang=ALL-UNNAMED --add-opens=java.base/sun.nio.fs=ALL-UNNAMED -Declipse.application=org.eclipse.jdt.ls.core.id1 -Dosgi.bundles.defaultStartLevel=4 -Declipse.product=org.eclipse.jdt.ls.core.product -Djava.import.generatesMetadataFilesAtProjectRoot=false -DDetectVMInstallationsJob.disabled=true -Dfile.encoding=utf8 -XX:+UseParallelGC -XX:GCTimeRatio=4 -XX:AdaptiveSizePolicyWeight=90 -Dsun.zip.disableMemoryMapping=true -Xmx2G -Xms100m -Xlog:disable -javaagent:c:\Users\gouti\.vscode\extensions\redhat.java-1.54.0-win32-x64\lombok\lombok-1.18.39-4050.jar -XX:+HeapDumpOnOutOfMemoryError -XX:HeapDumpPath=c:\Users\gouti\AppData\Roaming\Code\User\workspaceStorage\ad1019e9b3a2369db4ac02ecc0b3e1b3\redhat.java -Daether.dependencyCollector.impl=bf 
java_command: c:\Users\gouti\.vscode\extensions\redhat.java-1.54.0-win32-x64\server\plugins\org.eclipse.equinox.launcher_1.7.100.v20251111-0406.jar -configuration c:\Users\gouti\AppData\Roaming\Code\User\globalStorage\redhat.java\1.54.0\config_win -data c:\Users\gouti\AppData\Roaming\Code\User\workspaceStorage\ad1019e9b3a2369db4ac02ecc0b3e1b3\redhat.java\jdt_ws --pipe=\\.\pipe\lsp-e5dbbfaf98f3aadb3836904d543c5490-sock
java_class_path (initial): c:\Users\gouti\.vscode\extensions\redhat.java-1.54.0-win32-x64\server\plugins\org.eclipse.equinox.launcher_1.7.100.v20251111-0406.jar
Launcher Type: SUN_STANDARD

[Global flags]
    uintx AdaptiveSizePolicyWeight                 = 90                                        {product} {command line}
     intx CICompilerCount                          = 4                                         {product} {ergonomic}
    uintx GCTimeRatio                              = 4                                         {product} {command line}
     bool HeapDumpOnOutOfMemoryError               = true                                   {manageable} {command line}
    ccstr HeapDumpPath                             = c:\Users\gouti\AppData\Roaming\Code\User\workspaceStorage\ad1019e9b3a2369db4ac02ecc0b3e1b3\redhat.java         {manageable} {command line}
   size_t InitialHeapSize                          = 104857600                                 {product} {command line}
   size_t MaxHeapSize                              = 2147483648                                {product} {command line}
   size_t MaxNewSize                               = 715653120                                 {product} {ergonomic}
   size_t MinHeapDeltaBytes                        = 524288                                    {product} {ergonomic}
   size_t MinHeapSize                              = 104857600                                 {product} {command line}
   size_t NewSize                                  = 34603008                                  {product} {ergonomic}
    uintx NonNMethodCodeHeapSize                   = 5839372                                {pd product} {ergonomic}
    uintx NonProfiledCodeHeapSize                  = 122909434                              {pd product} {ergonomic}
   size_t OldSize                                  = 70254592                                  {product} {ergonomic}
    uintx ProfiledCodeHeapSize                     = 122909434                              {pd product} {ergonomic}
    uintx ReservedCodeCacheSize                    = 251658240                              {pd product} {ergonomic}
     bool SegmentedCodeCache                       = true                                      {product} {ergonomic}
   size_t SoftMaxHeapSize                          = 2147483648                             {manageable} {ergonomic}
     bool UseCompressedOops                        = true                           {product lp64_product} {ergonomic}
     bool UseLargePagesIndividualAllocation        = false                                  {pd product} {ergonomic}
     bool UseParallelGC                            = true                                      {product} {command line}

Logging:
Log output configuration:
 #0: stdout all=off uptime,level,tags foldmultilines=false
 #1: stderr all=off uptime,level,tags foldmultilines=false

Release file:
JAVA_VERSION="21.0.10" 
MODULES="java.base java.compiler java.datatransfer java.xml java.prefs java.desktop java.instrument java.logging java.management java.security.sasl java.naming java.rmi java.management.rmi java.net.http java.scripting java.security.jgss java.transaction.xa java.sql java.sql.rowset java.xml.crypto java.se java.smartcardio jdk.accessibility jdk.internal.jvmstat jdk.attach jdk.charsets jdk.internal.opt jdk.zipfs jdk.compiler jdk.crypto.ec jdk.crypto.cryptoki jdk.crypto.mscapi jdk.dynalink jdk.internal.ed jdk.editpad jdk.hotspot.agent jdk.httpserver jdk.internal.le jdk.internal.vm.ci jdk.internal.vm.compiler jdk.internal.vm.compiler.management jdk.jartool jdk.javadoc jdk.jcmd jdk.management jdk.management.agent jdk.jconsole jdk.jdeps jdk.jdwp.agent jdk.jdi jdk.jfr jdk.jshell jdk.jsobject jdk.jstatd jdk.localedata jdk.management.jfr jdk.naming.dns jdk.naming.rmi jdk.net jdk.nio.mapmode jdk.random jdk.sctp jdk.security.auth jdk.security.jgss jdk.unsupported jdk.unsupported.desktop jdk.xml.dom" 

Environment Variables:
PATH=C:\Users\gouti\AppData\Local\Programs\Microsoft VS Code;C:\Program Files\Common Files\Oracle\Java\javapath;C:\Program Files (x86)\Common Files\Oracle\Java\java8path;C:\Program Files (x86)\Common Files\Oracle\Java\javapath;C:\Program Files\NetBeans-21\netbeans;C:\WINDOWS\system32;C:\WINDOWS;C:\WINDOWS\System32\Wbem;C:\WINDOWS\System32\WindowsPowerShell\v1.0\;C:\WINDOWS\System32\OpenSSH\;C:\Program Files\nodejs\;C:\Program Files\Git\cmd;C:\Program Files\Microsoft SQL Server\130\Tools\Binn\;D:\Etudes\licence\semestre 1\client serveur\apache-activemq-6.1.8-bin\apache-activemq-6.1.8\bin;C:\Program Files\PuTTY\;C:\Program Files\Microsoft SQL Server\150\Tools\Binn\;C:\Program Files\Microsoft SQL Server\Client SDK\ODBC\170\Tools\Binn\;C:\Program Files\dotnet\;C:\Program Files\Docker\Docker\resources\bin;C:\Users\gouti\AppData\Local\Programs\Python\Python312\;C:\Users\gouti\AppData\Local\Microsoft\WindowsApps;C:\Users\gouti\AppData\Roaming\npm;C:\Users\gouti\AppData\Local\Programs\Microsoft VS Code\bin;C:\Program Files\JetBrains\IntelliJ IDEA 2025.2.1\bin;C:\Program Files\NetBeans-21;C:\Users\gouti\.dotnet\tools
USERNAME=gouti
OS=Windows_NT
PROCESSOR_IDENTIFIER=Intel64 Family 6 Model 142 Stepping 10, GenuineIntel
TMP=C:\Users\gouti\AppData\Local\Temp
TEMP=C:\Users\gouti\AppData\Local\Temp




Periodic native trim disabled

---------------  S Y S T E M  ---------------

OS:
 Windows 11 , 64 bit Build 26100 (10.0.26100.8246)
OS uptime: 6 days 14:04 hours
Hyper-V role detected

CPU: total 8 (initial active 8) (4 cores per cpu, 2 threads per core) family 6 model 142 stepping 10 microcode 0xf6, cx8, cmov, fxsr, ht, mmx, 3dnowpref, sse, sse2, sse3, ssse3, sse4.1, sse4.2, popcnt, lzcnt, tsc, tscinvbit, avx, avx2, aes, erms, clmul, bmi1, bmi2, rtm, adx, fma, vzeroupper, clflush, clflushopt, hv, rdtscp, f16c
Processor Information for the first 8 processors :
  Max Mhz: 1896, Current Mhz: 1696, Mhz Limit: 1687

Memory: 4k page, system-wide physical 8035M (484M free)
TotalPageFile size 31893M (AvailPageFile size 397M)
current process WorkingSet (physical memory assigned to process): 10M, peak: 209M
current process commit charge ("private bytes"): 315M, peak: 341M

vm_info: OpenJDK 64-Bit Server VM (21.0.10+7-LTS) for windows-amd64 JRE (21.0.10+7-LTS), built on 2026-01-20T00:00:00Z by "admin" with MS VC++ 17.12 (VS2022)

END.
